
  
<!DOCTYPE html>
<html lang="en-UK">
    <head>
        <title>The Box Office</title>
        <meta charset="UTF-8" />
    </head>
    <body>  

   <h2>Don't miss your ticket for the best ever show</h2>
    
      <font  size="1">only 3 ticket(s) left</font>
    
   
   
   <br/><br/>  
    <form method="POST" action="reserve">
      <label> Your name </label><br/><br/>
      <input type="text" name="guestname" /><br/><br/>
      <input type="submit" value="Reserve ticket for 5 minutes" />
    </form>
  
    </body>
</html>

